
> prompt-palette@0.1.0 build
> next build

笆ｲ Next.js 16.1.6 (Turbopack)

  Creating an optimized production build ...
笨・Compiled successfully in 22.7s
  Running TypeScript ...
  Collecting page data using 7 workers ...
  Generating static pages using 7 workers (0/4) ...
  Generating static pages using 7 workers (1/4) 
  Generating static pages using 7 workers (2/4) 
  Generating static pages using 7 workers (3/4) 
笨・Generating static pages using 7 workers (4/4) in 1274.2ms
  Finalizing page optimization ...

Route (app)
笏・笳・/
笏・笳・/_not-found


笳・ (Static)  prerendered as static content

